[html.designingmedia.com/folioflix-dark/index.html]
[backblue.gif]
[fade.gif]
[index.html]
[pro.fontawesome.com/releases/v5.10.0/css/all.css]
[html.designingmedia.com/folioflix-dark/assets/image/logo-img.png]
[html.designingmedia.com/folioflix-dark/assets/image/banner-right-img.png]
[html.designingmedia.com/folioflix-dark/assets/image/cup-img.png]
[html.designingmedia.com/folioflix-dark/assets/image/admin-icon.png]
[html.designingmedia.com/folioflix-dark/assets/image/service-icon1.png]
[html.designingmedia.com/folioflix-dark/assets/image/service-icon2.png]
[html.designingmedia.com/folioflix-dark/assets/image/service-icon3.png]
[html.designingmedia.com/folioflix-dark/assets/image/service-icon4.png]
[html.designingmedia.com/folioflix-dark/assets/image/myskills-left-img.png]
[html.designingmedia.com/folioflix-dark/assets/image/portfolio-img1.png]
[html.designingmedia.com/folioflix-dark/assets/image/portfolio-img2.png]
[html.designingmedia.com/folioflix-dark/assets/image/portfolio-img3.png]
[html.designingmedia.com/folioflix-dark/assets/image/portfolio-img4.png]
[html.designingmedia.com/folioflix-dark/assets/image/portfolio-img5.png]
[html.designingmedia.com/folioflix-dark/assets/image/tastimonials-img.png]
[html.designingmedia.com/folioflix-dark/assets/image/comma-icon.png]
[html.designingmedia.com/folioflix-dark/assets/image/blog-img-1.png]
[html.designingmedia.com/folioflix-dark/assets/image/blog-img-2.png]
[html.designingmedia.com/folioflix-dark/assets/image/blog-img-3.png]
[html.designingmedia.com/folioflix-dark/assets/image/location-icon.png]
[html.designingmedia.com/folioflix-dark/assets/image/message-icon.png]
[html.designingmedia.com/folioflix-dark/assets/image/phone-icon.png]
[html.designingmedia.com/folioflix-dark/assets/image/footer-logo.png]
[html.designingmedia.com/folioflix-dark/assets/image/portfolio-model-img5.png]
[html.designingmedia.com/folioflix-dark/assets/image/ui-ux-model-img.jpg]
[html.designingmedia.com/folioflix-dark/assets/image/web-designer-model-img.jpg]
[html.designingmedia.com/folioflix-dark/assets/image/web-development-model-img.jpg]
[html.designingmedia.com/folioflix-dark/assets/image/App-development-model-img.jpg]
[html.designingmedia.com/folioflix-dark/assets/image/blog-model-img1.png]
[html.designingmedia.com/folioflix-dark/assets/image/blog-model-img2.png]
[html.designingmedia.com/folioflix-dark/assets/js/wow.js]
[html.designingmedia.com/folioflix-dark/assets/js/jquery-3.6.0.min.js]
[ajax.aspnetcdn.com/ajax/jquery.validate/1.9/jquery.validate.js]
[html.designingmedia.com/folioflix-dark/assets/js/popper.min.js]
[html.designingmedia.com/folioflix-dark/assets/js/bootstrap.min.js]
[html.designingmedia.com/folioflix-dark/assets/js/custom-script.js]
[html.designingmedia.com/folioflix-dark/assets/js/contact-form.js]
[html.designingmedia.com/folioflix-dark/index.html]
[html.designingmedia.com/folioflix-dark/assets/css/animate.css]
[pro.fontawesome.com/releases/v5.10.0/css/all.css]
[html.designingmedia.com/folioflix-dark/assets/bootstarp/bootstrap.min.css]
[html.designingmedia.com/folioflix-dark/assets/css/super-classes.css]
[html.designingmedia.com/folioflix-dark/assets/image/curn-icon.png]
[html.designingmedia.com/folioflix-dark/assets/image/triangle-icon.png]
[html.designingmedia.com/folioflix-dark/assets/image/half-circle.png]
[html.designingmedia.com/folioflix-dark/assets/image/circle-bg-left-img.png]
[html.designingmedia.com/folioflix-dark/assets/image/half-circle-left-icon.png]
[html.designingmedia.com/folioflix-dark/assets/image/corn-left-icon.png]
[html.designingmedia.com/folioflix-dark/assets/image/circle-bg-img.png]
[html.designingmedia.com/folioflix-dark/assets/image/half-circle-right-icon.png]
[html.designingmedia.com/folioflix-dark/assets/image/footer-left-dotted-img.png]
[html.designingmedia.com/folioflix-dark/assets/image/footer-dotted-right-img.png]
[html.designingmedia.com/folioflix-dark/assets/css/style.css]
[html.designingmedia.com/folioflix-dark/assets/css/mobile.css]
[html.designingmedia.com/folioflix-dark/assets/image/portfolio-model-img1.html]
[html.designingmedia.com/folioflix-dark/assets/image/portfolio-model-img2.html]
[html.designingmedia.com/folioflix-dark/assets/image/portfolio-model-img3.html]
[html.designingmedia.com/folioflix-dark/assets/image/portfolio-model-img4.html]
[html.designingmedia.com/folioflix-dark/assets/image/portfolio-model-img5.html]
[html.designingmedia.com/folioflix-dark/assets/image/cv-img.html]
[html.designingmedia.com/folioflix-dark/test-image.html]
